W0411 23:33:27.148000 45907 torch/distributed/run.py:803] 
W0411 23:33:27.148000 45907 torch/distributed/run.py:803] *****************************************
W0411 23:33:27.148000 45907 torch/distributed/run.py:803] Setting OMP_NUM_THREADS environment variable for each process to be 1 in default, to avoid your system being overloaded, please further tune the variable for optimal performance in your application as needed. 
W0411 23:33:27.148000 45907 torch/distributed/run.py:803] *****************************************
logs/7a3baeca-db0d-41e8-9a20-3db04bad0c7d.txt
val_bpb:enabled tokenizer_kind=sentencepiece tokenizer_path=./data/tokenizers/fineweb_8192_bpe.model
train_loader:dataset:fineweb10B_sp8192 train_shards:80
val_loader:shards pattern=./data/datasets/fineweb10B_sp8192/fineweb_val_*.bin tokens:40540160
model_params:35939416
size_check: mixed_quant=9831967 code=84663 total=9916630 limit=16000000
size_check: PASSED (6083370 bytes headroom, 5940.8 KB)
world_size:8 grad_accum_steps:1
sdp_backends:cudnn=False flash=True mem_efficient=False math=False
attention_mode:gqa num_heads:8 num_kv_heads:4
tie_embeddings:True embed_lr:0.03 head_lr:0.0 matrix_lr:0.022 scalar_lr:0.02
train_batch_tokens:524288 train_seq_len:2048 iterations:20000 warmup_steps:20 max_wallclock_seconds:600.000
seed:42
warmup_step:1/20
warmup_step:2/20
warmup_step:3/20
warmup_step:4/20
warmup_step:5/20
warmup_step:6/20
warmup_step:7/20
warmup_step:8/20
warmup_step:9/20
warmup_step:10/20
warmup_step:11/20
warmup_step:12/20
warmup_step:13/20
warmup_step:14/20
warmup_step:15/20
warmup_step:16/20
warmup_step:17/20
warmup_step:18/20
warmup_step:19/20
warmup_step:20/20
EMA: enabled, decay=0.9965
step:0/20000 val_loss:9.0002 val_bpb:3.4843 train_time:0ms step_avg:0.01ms
step:1/20000 train_loss:9.0021 train_time:84ms step_avg:83.56ms
step:2/20000 train_loss:9.1998 train_time:146ms step_avg:72.87ms
step:3/20000 train_loss:9.4881 train_time:225ms step_avg:75.08ms
step:4/20000 train_loss:9.6398 train_time:305ms step_avg:76.23ms
step:5/20000 train_loss:9.4072 train_time:384ms step_avg:76.89ms
step:6/20000 train_loss:8.7897 train_time:464ms step_avg:77.31ms
step:7/20000 train_loss:8.3798 train_time:543ms step_avg:77.61ms
step:8/20000 train_loss:8.1585 train_time:623ms step_avg:77.81ms
step:9/20000 train_loss:7.7805 train_time:702ms step_avg:78.00ms
step:10/20000 train_loss:7.5501 train_time:782ms step_avg:78.16ms
step:500/20000 train_loss:3.5313 train_time:40351ms step_avg:80.70ms
step:1000/20000 train_loss:3.1262 train_time:81123ms step_avg:81.12ms
SWA: started at step 1000 (warmdown_start~896)
step:1000/20000 val_loss:3.3745 val_bpb:1.3064 train_time:81262ms step_avg:81.26ms
step:1500/20000 train_loss:3.4872 train_time:122126ms step_avg:81.42ms
step:2000/20000 train_loss:3.1979 train_time:163006ms step_avg:81.50ms
step:2000/20000 val_loss:3.2222 val_bpb:1.2474 train_time:163071ms step_avg:81.54ms
step:2500/20000 train_loss:3.0542 train_time:203849ms step_avg:81.54ms
step:3000/20000 train_loss:3.2679 train_time:244568ms step_avg:81.52ms
step:3000/20000 val_loss:3.1535 val_bpb:1.2208 train_time:244651ms step_avg:81.55ms
step:3500/20000 train_loss:3.4722 train_time:285396ms step_avg:81.54ms
step:4000/20000 train_loss:3.1799 train_time:326150ms step_avg:81.54ms
step:4000/20000 val_loss:3.1066 val_bpb:1.2027 train_time:326218ms step_avg:81.55ms
step:4500/20000 train_loss:3.0469 train_time:366907ms step_avg:81.53ms
step:5000/20000 train_loss:3.1391 train_time:407649ms step_avg:81.53ms
step:5000/20000 val_loss:3.0541 val_bpb:1.1823 train_time:407709ms step_avg:81.54ms
step:5500/20000 train_loss:3.0123 train_time:448347ms step_avg:81.52ms
step:6000/20000 train_loss:3.1332 train_time:489056ms step_avg:81.51ms
step:6000/20000 val_loss:2.9945 val_bpb:1.1593 train_time:489139ms step_avg:81.52ms
step:6500/20000 train_loss:2.9769 train_time:529786ms step_avg:81.51ms
step:7000/20000 train_loss:2.8948 train_time:570426ms step_avg:81.49ms
step:7000/20000 val_loss:2.9146 val_bpb:1.1283 train_time:570499ms step_avg:81.50ms
step:7364/20000 val_loss:2.8923 val_bpb:1.1197 train_time:600066ms step_avg:81.49ms
stopping_early: wallclock_cap train_time:600066ms step:7364/20000
peak memory allocated: 17022 MiB reserved: 18452 MiB
EMA: applying averaged weights
EMA: applied
Serialized model: 135410617 bytes
Code size: 84663 bytes
Total submission size: 135495280 bytes
Serialized model int8+zlib: 24693606 bytes (payload:36121952 raw_torch:36177239 payload_ratio:3.75x)
Total submission size int8+zlib: 24778269 bytes
final_int8_zlib_roundtrip val_loss:2.8946 val_bpb:1.1206 eval_time:1816ms
final_int8_zlib_roundtrip_exact val_loss:2.89456401 val_bpb:1.12057593
GPTQ+SDClip: building calibration data...
GPTQ+SDClip: creating fresh model for Hessian collection...
GPTQ+SDClip: collecting Hessians...
  SDClip tok_emb.weight (int8, k=20.0)
  GPTQ+SDClip blocks.0.attn.c_q.weight (int6, k=12.85)...
  GPTQ+SDClip blocks.0.attn.c_k.weight (int6, k=12.85)...
  GPTQ+SDClip blocks.0.attn.c_v.weight (int6, k=12.85)...
  GPTQ+SDClip blocks.0.attn.proj.weight (int6, k=12.85)...
  GPTQ+SDClip blocks.0.mlp.up.weight (int6, k=12.85)...
  GPTQ+SDClip blocks.0.mlp.proj.weight (int6, k=12.85)...
  GPTQ+SDClip blocks.1.attn.c_q.weight (int6, k=12.85)...
  GPTQ+SDClip blocks.1.attn.c_k.weight (int6, k=12.85)...
  GPTQ+SDClip blocks.1.attn.c_v.weight (int6, k=12.85)...
  GPTQ+SDClip blocks.1.attn.proj.weight (int6, k=12.85)...
  GPTQ+SDClip blocks.1.mlp.up.weight (int6, k=12.85)...
  GPTQ+SDClip blocks.1.mlp.proj.weight (int6, k=12.85)...
  GPTQ+SDClip blocks.2.attn.c_q.weight (int6, k=12.85)...
  GPTQ+SDClip blocks.2.attn.c_k.weight (int6, k=12.85)...
  GPTQ+SDClip blocks.2.attn.c_v.weight (int6, k=12.85)...
  GPTQ+SDClip blocks.2.attn.proj.weight (int6, k=12.85)...
  GPTQ+SDClip blocks.2.mlp.up.weight (int6, k=12.85)...
  GPTQ+SDClip blocks.2.mlp.proj.weight (int6, k=12.85)...
  GPTQ+SDClip blocks.3.attn.c_q.weight (int6, k=12.85)...
  GPTQ+SDClip blocks.3.attn.c_k.weight (int6, k=12.85)...
  GPTQ+SDClip blocks.3.attn.c_v.weight (int6, k=12.85)...
  GPTQ+SDClip blocks.3.attn.proj.weight (int6, k=12.85)...
  GPTQ+SDClip blocks.3.mlp.up.weight (int6, k=12.85)...
  GPTQ+SDClip blocks.3.mlp.proj.weight (int6, k=12.85)...
  GPTQ+SDClip blocks.4.attn.c_q.weight (int6, k=12.85)...
  GPTQ+SDClip blocks.4.attn.c_k.weight (int6, k=12.85)...
  GPTQ+SDClip blocks.4.attn.c_v.weight (int6, k=12.85)...
  GPTQ+SDClip blocks.4.attn.proj.weight (int6, k=12.85)...
  GPTQ+SDClip blocks.4.mlp.up.weight (int6, k=12.85)...
  GPTQ+SDClip blocks.4.mlp.proj.weight (int6, k=12.85)...
  GPTQ+SDClip blocks.5.attn.c_q.weight (int6, k=12.85)...
  GPTQ+SDClip blocks.5.attn.c_k.weight (int6, k=12.85)...
  GPTQ+SDClip blocks.5.attn.c_v.weight (int6, k=12.85)...
  GPTQ+SDClip blocks.5.attn.proj.weight (int6, k=12.85)...
  GPTQ+SDClip blocks.5.mlp.up.weight (int6, k=12.85)...
  GPTQ+SDClip blocks.5.mlp.proj.weight (int6, k=12.85)...
  GPTQ+SDClip blocks.6.attn.c_q.weight (int6, k=12.85)...
  GPTQ+SDClip blocks.6.attn.c_k.weight (int6, k=12.85)...
  GPTQ+SDClip blocks.6.attn.c_v.weight (int6, k=12.85)...
  GPTQ+SDClip blocks.6.attn.proj.weight (int6, k=12.85)...
  GPTQ+SDClip blocks.6.mlp.up.weight (int6, k=12.85)...
  GPTQ+SDClip blocks.6.mlp.proj.weight (int6, k=12.85)...
  GPTQ+SDClip blocks.7.attn.c_q.weight (int6, k=12.85)...
  GPTQ+SDClip blocks.7.attn.c_k.weight (int6, k=12.85)...
  GPTQ+SDClip blocks.7.attn.c_v.weight (int6, k=12.85)...
  GPTQ+SDClip blocks.7.attn.proj.weight (int6, k=12.85)...
  GPTQ+SDClip blocks.7.mlp.up.weight (int6, k=12.85)...
  GPTQ+SDClip blocks.7.mlp.proj.weight (int6, k=12.85)...
  GPTQ+SDClip blocks.8.attn.c_q.weight (int6, k=12.85)...
  GPTQ+SDClip blocks.8.attn.c_k.weight (int6, k=12.85)...
  GPTQ+SDClip blocks.8.attn.c_v.weight (int6, k=12.85)...
  GPTQ+SDClip blocks.8.attn.proj.weight (int6, k=12.85)...
  GPTQ+SDClip blocks.8.mlp.up.weight (int6, k=12.85)...
  GPTQ+SDClip blocks.8.mlp.proj.weight (int6, k=12.85)...
  GPTQ+SDClip blocks.9.attn.c_q.weight (int6, k=12.85)...
  GPTQ+SDClip blocks.9.attn.c_k.weight (int6, k=12.85)...
  GPTQ+SDClip blocks.9.attn.c_v.weight (int6, k=12.85)...
  GPTQ+SDClip blocks.9.attn.proj.weight (int6, k=12.85)...
  GPTQ+SDClip blocks.9.mlp.up.weight (int6, k=12.85)...
  GPTQ+SDClip blocks.9.mlp.proj.weight (int6, k=12.85)...
  GPTQ+SDClip blocks.10.attn.c_q.weight (int6, k=12.85)...
  GPTQ+SDClip blocks.10.attn.c_k.weight (int6, k=12.85)...
  GPTQ+SDClip blocks.10.attn.c_v.weight (int6, k=12.85)...
  GPTQ+SDClip blocks.10.attn.proj.weight (int6, k=12.85)...
  GPTQ+SDClip blocks.10.mlp.up.weight (int6, k=12.85)...
  GPTQ+SDClip blocks.10.mlp.proj.weight (int6, k=12.85)...
GPTQ+SDClip: done
Running SGD all-weights TTT eval (lr=0.005, momentum=0.9, chunk=2048, score_cap=2048)...
TTT: 50000 docs (0 short, 50000 long), rank 0: 0 short + 6250 long
  TTT rank 0: 1000/6250 long docs, bpb=1.0954 elapsed=60s
  TTT rank 0: 2000/6250 long docs, bpb=1.0903 elapsed=118s
  TTT rank 0: 3000/6250 long docs, bpb=1.0910 elapsed=175s
  TTT rank 0: 4000/6250 long docs, bpb=1.0881 elapsed=229s
  TTT rank 0: 5000/6250 long docs, bpb=1.0902 elapsed=285s
  TTT rank 0: 6000/6250 long docs, bpb=1.0892 elapsed=340s
final_sgd_ttt val_loss:2.8236 val_bpb:1.0825 docs:50000 eval_time:353726ms
Serialized model GPTQ+SDClip+brotli: 15488885 bytes
Total mixed submission: 15573548 bytes (FITS 16MB)
final_mixed_roundtrip val_loss:2.9339 val_bpb:1.1358 eval_time:2551ms
