W0411 23:13:50.399000 44876 torch/distributed/run.py:803] 
W0411 23:13:50.399000 44876 torch/distributed/run.py:803] *****************************************
W0411 23:13:50.399000 44876 torch/distributed/run.py:803] Setting OMP_NUM_THREADS environment variable for each process to be 1 in default, to avoid your system being overloaded, please further tune the variable for optimal performance in your application as needed. 
W0411 23:13:50.399000 44876 torch/distributed/run.py:803] *****************************************
logs/997e5abd-61d5-4008-a686-c903235aab07.txt
val_bpb:enabled tokenizer_kind=sentencepiece tokenizer_path=./data/tokenizers/fineweb_8192_bpe.model
train_loader:dataset:fineweb10B_sp8192 train_shards:80
val_loader:shards pattern=./data/datasets/fineweb10B_sp8192/fineweb_val_*.bin tokens:40540160
model_params:35939416
size_check: mixed_quant=9832288 code=84663 total=9916951 limit=16000000
size_check: PASSED (6083049 bytes headroom, 5940.5 KB)
world_size:8 grad_accum_steps:1
sdp_backends:cudnn=False flash=True mem_efficient=False math=False
attention_mode:gqa num_heads:8 num_kv_heads:4
tie_embeddings:True embed_lr:0.03 head_lr:0.0 matrix_lr:0.022 scalar_lr:0.02
train_batch_tokens:524288 train_seq_len:2048 iterations:20000 warmup_steps:20 max_wallclock_seconds:600.000
seed:314
warmup_step:1/20
warmup_step:2/20
warmup_step:3/20
warmup_step:4/20
warmup_step:5/20
warmup_step:6/20
warmup_step:7/20
warmup_step:8/20
warmup_step:9/20
warmup_step:10/20
warmup_step:11/20
warmup_step:12/20
warmup_step:13/20
warmup_step:14/20
warmup_step:15/20
warmup_step:16/20
warmup_step:17/20
warmup_step:18/20
warmup_step:19/20
warmup_step:20/20
EMA: enabled, decay=0.9965
step:0/20000 val_loss:9.0015 val_bpb:3.4848 train_time:0ms step_avg:0.02ms
step:1/20000 train_loss:9.0025 train_time:79ms step_avg:78.70ms
step:2/20000 train_loss:9.2073 train_time:141ms step_avg:70.52ms
step:3/20000 train_loss:9.3943 train_time:221ms step_avg:73.58ms
step:4/20000 train_loss:9.6424 train_time:301ms step_avg:75.20ms
step:5/20000 train_loss:9.4266 train_time:380ms step_avg:76.09ms
step:6/20000 train_loss:8.8100 train_time:460ms step_avg:76.67ms
step:7/20000 train_loss:8.3561 train_time:540ms step_avg:77.08ms
step:8/20000 train_loss:8.1344 train_time:619ms step_avg:77.38ms
step:9/20000 train_loss:7.8048 train_time:699ms step_avg:77.62ms
step:10/20000 train_loss:7.5671 train_time:778ms step_avg:77.80ms
step:500/20000 train_loss:3.5403 train_time:40347ms step_avg:80.69ms
step:1000/20000 train_loss:3.1314 train_time:81141ms step_avg:81.14ms
SWA: started at step 1000 (warmdown_start~894)
step:1000/20000 val_loss:3.3779 val_bpb:1.3077 train_time:81284ms step_avg:81.28ms
step:1500/20000 train_loss:3.4903 train_time:122184ms step_avg:81.46ms
step:2000/20000 train_loss:3.2039 train_time:163121ms step_avg:81.56ms
step:2000/20000 val_loss:3.2280 val_bpb:1.2496 train_time:163205ms step_avg:81.60ms
step:2500/20000 train_loss:3.0608 train_time:204058ms step_avg:81.62ms
step:3000/20000 train_loss:3.2717 train_time:244829ms step_avg:81.61ms
step:3000/20000 val_loss:3.1594 val_bpb:1.2231 train_time:244890ms step_avg:81.63ms
step:3500/20000 train_loss:3.4806 train_time:285737ms step_avg:81.64ms
step:4000/20000 train_loss:3.1877 train_time:326415ms step_avg:81.60ms
step:4000/20000 val_loss:3.1129 val_bpb:1.2051 train_time:326507ms step_avg:81.63ms
step:4500/20000 train_loss:3.0499 train_time:367245ms step_avg:81.61ms
step:5000/20000 train_loss:3.1437 train_time:407989ms step_avg:81.60ms
step:5000/20000 val_loss:3.0587 val_bpb:1.1841 train_time:408063ms step_avg:81.61ms
step:5500/20000 train_loss:3.0208 train_time:448741ms step_avg:81.59ms
step:6000/20000 train_loss:3.1313 train_time:489474ms step_avg:81.58ms
step:6000/20000 val_loss:2.9983 val_bpb:1.1607 train_time:489535ms step_avg:81.59ms
step:6500/20000 train_loss:2.9796 train_time:530231ms step_avg:81.57ms
step:7000/20000 train_loss:2.8967 train_time:570891ms step_avg:81.56ms
step:7000/20000 val_loss:2.9177 val_bpb:1.1295 train_time:570953ms step_avg:81.56ms
step:7358/20000 val_loss:2.8959 val_bpb:1.1211 train_time:600072ms step_avg:81.55ms
stopping_early: wallclock_cap train_time:600072ms step:7358/20000
peak memory allocated: 17022 MiB reserved: 18452 MiB
EMA: applying averaged weights
EMA: applied
Serialized model: 135410617 bytes
Code size: 84663 bytes
Total submission size: 135495280 bytes
Serialized model int8+zlib: 24735182 bytes (payload:36121952 raw_torch:36177239 payload_ratio:3.75x)
Total submission size int8+zlib: 24819845 bytes
final_int8_zlib_roundtrip val_loss:2.8981 val_bpb:1.1219 eval_time:1819ms
final_int8_zlib_roundtrip_exact val_loss:2.89806926 val_bpb:1.12193292
GPTQ+SDClip: building calibration data...
GPTQ+SDClip: creating fresh model for Hessian collection...
GPTQ+SDClip: collecting Hessians...
  SDClip tok_emb.weight (int8, k=20.0)
  GPTQ+SDClip blocks.0.attn.c_q.weight (int6, k=12.85)...
  GPTQ+SDClip blocks.0.attn.c_k.weight (int6, k=12.85)...
  GPTQ+SDClip blocks.0.attn.c_v.weight (int6, k=12.85)...
  GPTQ+SDClip blocks.0.attn.proj.weight (int6, k=12.85)...
  GPTQ+SDClip blocks.0.mlp.up.weight (int6, k=12.85)...
  GPTQ+SDClip blocks.0.mlp.proj.weight (int6, k=12.85)...
  GPTQ+SDClip blocks.1.attn.c_q.weight (int6, k=12.85)...
  GPTQ+SDClip blocks.1.attn.c_k.weight (int6, k=12.85)...
  GPTQ+SDClip blocks.1.attn.c_v.weight (int6, k=12.85)...
  GPTQ+SDClip blocks.1.attn.proj.weight (int6, k=12.85)...
  GPTQ+SDClip blocks.1.mlp.up.weight (int6, k=12.85)...
  GPTQ+SDClip blocks.1.mlp.proj.weight (int6, k=12.85)...
  GPTQ+SDClip blocks.2.attn.c_q.weight (int6, k=12.85)...
  GPTQ+SDClip blocks.2.attn.c_k.weight (int6, k=12.85)...
  GPTQ+SDClip blocks.2.attn.c_v.weight (int6, k=12.85)...
  GPTQ+SDClip blocks.2.attn.proj.weight (int6, k=12.85)...
  GPTQ+SDClip blocks.2.mlp.up.weight (int6, k=12.85)...
  GPTQ+SDClip blocks.2.mlp.proj.weight (int6, k=12.85)...
  GPTQ+SDClip blocks.3.attn.c_q.weight (int6, k=12.85)...
  GPTQ+SDClip blocks.3.attn.c_k.weight (int6, k=12.85)...
  GPTQ+SDClip blocks.3.attn.c_v.weight (int6, k=12.85)...
  GPTQ+SDClip blocks.3.attn.proj.weight (int6, k=12.85)...
  GPTQ+SDClip blocks.3.mlp.up.weight (int6, k=12.85)...
  GPTQ+SDClip blocks.3.mlp.proj.weight (int6, k=12.85)...
  GPTQ+SDClip blocks.4.attn.c_q.weight (int6, k=12.85)...
  GPTQ+SDClip blocks.4.attn.c_k.weight (int6, k=12.85)...
  GPTQ+SDClip blocks.4.attn.c_v.weight (int6, k=12.85)...
  GPTQ+SDClip blocks.4.attn.proj.weight (int6, k=12.85)...
  GPTQ+SDClip blocks.4.mlp.up.weight (int6, k=12.85)...
  GPTQ+SDClip blocks.4.mlp.proj.weight (int6, k=12.85)...
  GPTQ+SDClip blocks.5.attn.c_q.weight (int6, k=12.85)...
  GPTQ+SDClip blocks.5.attn.c_k.weight (int6, k=12.85)...
  GPTQ+SDClip blocks.5.attn.c_v.weight (int6, k=12.85)...
  GPTQ+SDClip blocks.5.attn.proj.weight (int6, k=12.85)...
  GPTQ+SDClip blocks.5.mlp.up.weight (int6, k=12.85)...
  GPTQ+SDClip blocks.5.mlp.proj.weight (int6, k=12.85)...
  GPTQ+SDClip blocks.6.attn.c_q.weight (int6, k=12.85)...
  GPTQ+SDClip blocks.6.attn.c_k.weight (int6, k=12.85)...
  GPTQ+SDClip blocks.6.attn.c_v.weight (int6, k=12.85)...
  GPTQ+SDClip blocks.6.attn.proj.weight (int6, k=12.85)...
  GPTQ+SDClip blocks.6.mlp.up.weight (int6, k=12.85)...
  GPTQ+SDClip blocks.6.mlp.proj.weight (int6, k=12.85)...
  GPTQ+SDClip blocks.7.attn.c_q.weight (int6, k=12.85)...
  GPTQ+SDClip blocks.7.attn.c_k.weight (int6, k=12.85)...
  GPTQ+SDClip blocks.7.attn.c_v.weight (int6, k=12.85)...
  GPTQ+SDClip blocks.7.attn.proj.weight (int6, k=12.85)...
  GPTQ+SDClip blocks.7.mlp.up.weight (int6, k=12.85)...
  GPTQ+SDClip blocks.7.mlp.proj.weight (int6, k=12.85)...
  GPTQ+SDClip blocks.8.attn.c_q.weight (int6, k=12.85)...
  GPTQ+SDClip blocks.8.attn.c_k.weight (int6, k=12.85)...
  GPTQ+SDClip blocks.8.attn.c_v.weight (int6, k=12.85)...
  GPTQ+SDClip blocks.8.attn.proj.weight (int6, k=12.85)...
  GPTQ+SDClip blocks.8.mlp.up.weight (int6, k=12.85)...
  GPTQ+SDClip blocks.8.mlp.proj.weight (int6, k=12.85)...
  GPTQ+SDClip blocks.9.attn.c_q.weight (int6, k=12.85)...
  GPTQ+SDClip blocks.9.attn.c_k.weight (int6, k=12.85)...
  GPTQ+SDClip blocks.9.attn.c_v.weight (int6, k=12.85)...
  GPTQ+SDClip blocks.9.attn.proj.weight (int6, k=12.85)...
  GPTQ+SDClip blocks.9.mlp.up.weight (int6, k=12.85)...
  GPTQ+SDClip blocks.9.mlp.proj.weight (int6, k=12.85)...
  GPTQ+SDClip blocks.10.attn.c_q.weight (int6, k=12.85)...
  GPTQ+SDClip blocks.10.attn.c_k.weight (int6, k=12.85)...
  GPTQ+SDClip blocks.10.attn.c_v.weight (int6, k=12.85)...
  GPTQ+SDClip blocks.10.attn.proj.weight (int6, k=12.85)...
  GPTQ+SDClip blocks.10.mlp.up.weight (int6, k=12.85)...
  GPTQ+SDClip blocks.10.mlp.proj.weight (int6, k=12.85)...
GPTQ+SDClip: done
Running SGD all-weights TTT eval (lr=0.005, momentum=0.9, chunk=2048, score_cap=2048)...
TTT: 50000 docs (0 short, 50000 long), rank 0: 0 short + 6250 long
  TTT rank 0: 1000/6250 long docs, bpb=1.0957 elapsed=58s
  TTT rank 0: 2000/6250 long docs, bpb=1.0910 elapsed=113s
  TTT rank 0: 3000/6250 long docs, bpb=1.0920 elapsed=168s
  TTT rank 0: 4000/6250 long docs, bpb=1.0890 elapsed=221s
  TTT rank 0: 5000/6250 long docs, bpb=1.0911 elapsed=274s
  TTT rank 0: 6000/6250 long docs, bpb=1.0901 elapsed=328s
final_sgd_ttt val_loss:2.8266 val_bpb:1.0836 docs:50000 eval_time:355100ms
Serialized model GPTQ+SDClip+brotli: 15512640 bytes
Total mixed submission: 15597303 bytes (FITS 16MB)
final_mixed_roundtrip val_loss:2.9361 val_bpb:1.1366 eval_time:2548ms
