W0411 23:53:00.672000 47028 torch/distributed/run.py:803] 
W0411 23:53:00.672000 47028 torch/distributed/run.py:803] *****************************************
W0411 23:53:00.672000 47028 torch/distributed/run.py:803] Setting OMP_NUM_THREADS environment variable for each process to be 1 in default, to avoid your system being overloaded, please further tune the variable for optimal performance in your application as needed. 
W0411 23:53:00.672000 47028 torch/distributed/run.py:803] *****************************************
logs/14bc70ec-476a-492f-92e6-24caf3f7a291.txt
val_bpb:enabled tokenizer_kind=sentencepiece tokenizer_path=./data/tokenizers/fineweb_8192_bpe.model
train_loader:dataset:fineweb10B_sp8192 train_shards:80
val_loader:shards pattern=./data/datasets/fineweb10B_sp8192/fineweb_val_*.bin tokens:40540160
model_params:35939416
size_check: mixed_quant=9832746 code=84663 total=9917409 limit=16000000
size_check: PASSED (6082591 bytes headroom, 5940.0 KB)
world_size:8 grad_accum_steps:1
sdp_backends:cudnn=False flash=True mem_efficient=False math=False
attention_mode:gqa num_heads:8 num_kv_heads:4
tie_embeddings:True embed_lr:0.03 head_lr:0.0 matrix_lr:0.022 scalar_lr:0.02
train_batch_tokens:524288 train_seq_len:2048 iterations:20000 warmup_steps:20 max_wallclock_seconds:600.000
seed:999
warmup_step:1/20
warmup_step:2/20
warmup_step:3/20
warmup_step:4/20
warmup_step:5/20
warmup_step:6/20
warmup_step:7/20
warmup_step:8/20
warmup_step:9/20
warmup_step:10/20
warmup_step:11/20
warmup_step:12/20
warmup_step:13/20
warmup_step:14/20
warmup_step:15/20
warmup_step:16/20
warmup_step:17/20
warmup_step:18/20
warmup_step:19/20
warmup_step:20/20
EMA: enabled, decay=0.9965
step:0/20000 val_loss:8.9996 val_bpb:3.4840 train_time:0ms step_avg:0.01ms
step:1/20000 train_loss:9.0010 train_time:80ms step_avg:80.24ms
step:2/20000 train_loss:9.2303 train_time:143ms step_avg:71.48ms
step:3/20000 train_loss:9.5280 train_time:223ms step_avg:74.17ms
step:4/20000 train_loss:9.6788 train_time:303ms step_avg:75.68ms
step:5/20000 train_loss:9.4291 train_time:382ms step_avg:76.47ms
step:6/20000 train_loss:8.8100 train_time:462ms step_avg:77.01ms
step:7/20000 train_loss:8.3342 train_time:542ms step_avg:77.40ms
step:8/20000 train_loss:8.0776 train_time:621ms step_avg:77.66ms
step:9/20000 train_loss:7.7759 train_time:701ms step_avg:77.88ms
step:10/20000 train_loss:7.5683 train_time:780ms step_avg:78.04ms
step:500/20000 train_loss:3.5405 train_time:40404ms step_avg:80.81ms
step:1000/20000 train_loss:3.1382 train_time:81196ms step_avg:81.20ms
SWA: started at step 1000 (warmdown_start~889)
step:1000/20000 val_loss:3.3759 val_bpb:1.3069 train_time:81333ms step_avg:81.33ms
step:1500/20000 train_loss:3.4852 train_time:122183ms step_avg:81.46ms
step:2000/20000 train_loss:3.2046 train_time:163059ms step_avg:81.53ms
step:2000/20000 val_loss:3.2253 val_bpb:1.2486 train_time:163149ms step_avg:81.57ms
step:2500/20000 train_loss:3.0571 train_time:203961ms step_avg:81.58ms
step:3000/20000 train_loss:3.2667 train_time:244708ms step_avg:81.57ms
step:3000/20000 val_loss:3.1561 val_bpb:1.2218 train_time:244792ms step_avg:81.60ms
step:3500/20000 train_loss:3.4754 train_time:285488ms step_avg:81.57ms
step:4000/20000 train_loss:3.1811 train_time:326161ms step_avg:81.54ms
step:4000/20000 val_loss:3.1072 val_bpb:1.2029 train_time:326237ms step_avg:81.56ms
step:4500/20000 train_loss:3.0451 train_time:367018ms step_avg:81.56ms
step:5000/20000 train_loss:3.1371 train_time:407756ms step_avg:81.55ms
step:5000/20000 val_loss:3.0549 val_bpb:1.1826 train_time:407840ms step_avg:81.57ms
step:5500/20000 train_loss:3.0190 train_time:448480ms step_avg:81.54ms
step:6000/20000 train_loss:3.1300 train_time:489165ms step_avg:81.53ms
step:6000/20000 val_loss:2.9946 val_bpb:1.1593 train_time:489241ms step_avg:81.54ms
step:6500/20000 train_loss:2.9768 train_time:529982ms step_avg:81.54ms
step:7000/20000 train_loss:2.8924 train_time:570613ms step_avg:81.52ms
step:7000/20000 val_loss:2.9143 val_bpb:1.1282 train_time:570694ms step_avg:81.53ms
step:7361/20000 val_loss:2.8922 val_bpb:1.1197 train_time:600043ms step_avg:81.52ms
stopping_early: wallclock_cap train_time:600043ms step:7361/20000
peak memory allocated: 17022 MiB reserved: 18452 MiB
EMA: applying averaged weights
EMA: applied
Serialized model: 135410617 bytes
Code size: 84663 bytes
Total submission size: 135495280 bytes
Serialized model int8+zlib: 24799465 bytes (payload:36121952 raw_torch:36177239 payload_ratio:3.75x)
Total submission size int8+zlib: 24884128 bytes
final_int8_zlib_roundtrip val_loss:2.8944 val_bpb:1.1205 eval_time:1823ms
final_int8_zlib_roundtrip_exact val_loss:2.89440114 val_bpb:1.12051288
GPTQ+SDClip: building calibration data...
GPTQ+SDClip: creating fresh model for Hessian collection...
GPTQ+SDClip: collecting Hessians...
  SDClip tok_emb.weight (int8, k=20.0)
  GPTQ+SDClip blocks.0.attn.c_q.weight (int6, k=12.85)...
  GPTQ+SDClip blocks.0.attn.c_k.weight (int6, k=12.85)...
  GPTQ+SDClip blocks.0.attn.c_v.weight (int6, k=12.85)...
  GPTQ+SDClip blocks.0.attn.proj.weight (int6, k=12.85)...
  GPTQ+SDClip blocks.0.mlp.up.weight (int6, k=12.85)...
  GPTQ+SDClip blocks.0.mlp.proj.weight (int6, k=12.85)...
  GPTQ+SDClip blocks.1.attn.c_q.weight (int6, k=12.85)...
  GPTQ+SDClip blocks.1.attn.c_k.weight (int6, k=12.85)...
  GPTQ+SDClip blocks.1.attn.c_v.weight (int6, k=12.85)...
  GPTQ+SDClip blocks.1.attn.proj.weight (int6, k=12.85)...
  GPTQ+SDClip blocks.1.mlp.up.weight (int6, k=12.85)...
  GPTQ+SDClip blocks.1.mlp.proj.weight (int6, k=12.85)...
  GPTQ+SDClip blocks.2.attn.c_q.weight (int6, k=12.85)...
  GPTQ+SDClip blocks.2.attn.c_k.weight (int6, k=12.85)...
  GPTQ+SDClip blocks.2.attn.c_v.weight (int6, k=12.85)...
  GPTQ+SDClip blocks.2.attn.proj.weight (int6, k=12.85)...
  GPTQ+SDClip blocks.2.mlp.up.weight (int6, k=12.85)...
  GPTQ+SDClip blocks.2.mlp.proj.weight (int6, k=12.85)...
  GPTQ+SDClip blocks.3.attn.c_q.weight (int6, k=12.85)...
  GPTQ+SDClip blocks.3.attn.c_k.weight (int6, k=12.85)...
  GPTQ+SDClip blocks.3.attn.c_v.weight (int6, k=12.85)...
  GPTQ+SDClip blocks.3.attn.proj.weight (int6, k=12.85)...
  GPTQ+SDClip blocks.3.mlp.up.weight (int6, k=12.85)...
  GPTQ+SDClip blocks.3.mlp.proj.weight (int6, k=12.85)...
  GPTQ+SDClip blocks.4.attn.c_q.weight (int6, k=12.85)...
  GPTQ+SDClip blocks.4.attn.c_k.weight (int6, k=12.85)...
  GPTQ+SDClip blocks.4.attn.c_v.weight (int6, k=12.85)...
  GPTQ+SDClip blocks.4.attn.proj.weight (int6, k=12.85)...
  GPTQ+SDClip blocks.4.mlp.up.weight (int6, k=12.85)...
  GPTQ+SDClip blocks.4.mlp.proj.weight (int6, k=12.85)...
  GPTQ+SDClip blocks.5.attn.c_q.weight (int6, k=12.85)...
  GPTQ+SDClip blocks.5.attn.c_k.weight (int6, k=12.85)...
  GPTQ+SDClip blocks.5.attn.c_v.weight (int6, k=12.85)...
  GPTQ+SDClip blocks.5.attn.proj.weight (int6, k=12.85)...
  GPTQ+SDClip blocks.5.mlp.up.weight (int6, k=12.85)...
  GPTQ+SDClip blocks.5.mlp.proj.weight (int6, k=12.85)...
  GPTQ+SDClip blocks.6.attn.c_q.weight (int6, k=12.85)...
  GPTQ+SDClip blocks.6.attn.c_k.weight (int6, k=12.85)...
  GPTQ+SDClip blocks.6.attn.c_v.weight (int6, k=12.85)...
  GPTQ+SDClip blocks.6.attn.proj.weight (int6, k=12.85)...
  GPTQ+SDClip blocks.6.mlp.up.weight (int6, k=12.85)...
  GPTQ+SDClip blocks.6.mlp.proj.weight (int6, k=12.85)...
  GPTQ+SDClip blocks.7.attn.c_q.weight (int6, k=12.85)...
  GPTQ+SDClip blocks.7.attn.c_k.weight (int6, k=12.85)...
  GPTQ+SDClip blocks.7.attn.c_v.weight (int6, k=12.85)...
  GPTQ+SDClip blocks.7.attn.proj.weight (int6, k=12.85)...
  GPTQ+SDClip blocks.7.mlp.up.weight (int6, k=12.85)...
  GPTQ+SDClip blocks.7.mlp.proj.weight (int6, k=12.85)...
  GPTQ+SDClip blocks.8.attn.c_q.weight (int6, k=12.85)...
  GPTQ+SDClip blocks.8.attn.c_k.weight (int6, k=12.85)...
  GPTQ+SDClip blocks.8.attn.c_v.weight (int6, k=12.85)...
  GPTQ+SDClip blocks.8.attn.proj.weight (int6, k=12.85)...
  GPTQ+SDClip blocks.8.mlp.up.weight (int6, k=12.85)...
  GPTQ+SDClip blocks.8.mlp.proj.weight (int6, k=12.85)...
  GPTQ+SDClip blocks.9.attn.c_q.weight (int6, k=12.85)...
  GPTQ+SDClip blocks.9.attn.c_k.weight (int6, k=12.85)...
  GPTQ+SDClip blocks.9.attn.c_v.weight (int6, k=12.85)...
  GPTQ+SDClip blocks.9.attn.proj.weight (int6, k=12.85)...
  GPTQ+SDClip blocks.9.mlp.up.weight (int6, k=12.85)...
  GPTQ+SDClip blocks.9.mlp.proj.weight (int6, k=12.85)...
  GPTQ+SDClip blocks.10.attn.c_q.weight (int6, k=12.85)...
  GPTQ+SDClip blocks.10.attn.c_k.weight (int6, k=12.85)...
  GPTQ+SDClip blocks.10.attn.c_v.weight (int6, k=12.85)...
  GPTQ+SDClip blocks.10.attn.proj.weight (int6, k=12.85)...
  GPTQ+SDClip blocks.10.mlp.up.weight (int6, k=12.85)...
  GPTQ+SDClip blocks.10.mlp.proj.weight (int6, k=12.85)...
GPTQ+SDClip: done
Running SGD all-weights TTT eval (lr=0.005, momentum=0.9, chunk=2048, score_cap=2048)...
TTT: 50000 docs (0 short, 50000 long), rank 0: 0 short + 6250 long
  TTT rank 0: 1000/6250 long docs, bpb=1.0932 elapsed=60s
  TTT rank 0: 2000/6250 long docs, bpb=1.0885 elapsed=117s
  TTT rank 0: 3000/6250 long docs, bpb=1.0894 elapsed=172s
  TTT rank 0: 4000/6250 long docs, bpb=1.0865 elapsed=227s
  TTT rank 0: 5000/6250 long docs, bpb=1.0886 elapsed=283s
  TTT rank 0: 6000/6250 long docs, bpb=1.0879 elapsed=337s
final_sgd_ttt val_loss:2.8205 val_bpb:1.0813 docs:50000 eval_time:350556ms
Serialized model GPTQ+SDClip+brotli: 15552536 bytes
Total mixed submission: 15637199 bytes (FITS 16MB)
final_mixed_roundtrip val_loss:2.9327 val_bpb:1.1354 eval_time:1961ms
