=== Bits Budget Analysis ===
Loading model...
Loaded: 27092057 params
Loading val tokens...
Val tokens: 62021846

Step 1: Computing per-token losses (1000 windows)...
  100/1000 windows, 1s
  200/1000 windows, 2s
  300/1000 windows, 3s
  400/1000 windows, 4s
  500/1000 windows, 4s
  600/1000 windows, 5s
  700/1000 windows, 6s
  800/1000 windows, 7s
  900/1000 windows, 8s
  1000/1000 windows, 9s

Total tokens analyzed: 2048000
Average loss: 2.6153 nats
Time: 10s

Step 2: Token classification...
  easy(<1)                 : 31.3% of tokens, 3.5% of bits, avg_loss=0.29
  medium(1-3)              : 28.2% of tokens, 21.6% of bits, avg_loss=2.00
  hard_learnable(3-5)      : 37.2% of tokens, 67.0% of bits, avg_loss=4.71
  unpredictable(5+)        : 3.4% of tokens, 8.0% of bits, avg_loss=6.26

Step 3: Position analysis...
     0- 128: 2.5248
   128- 256: 2.4447
   256- 384: 2.4906
   384- 512: 2.4866
   512- 640: 2.5166
   640- 768: 2.5365
   768- 896: 2.5761
   896-1024: 2.6006
  1024-1152: 2.5983
  1152-1280: 2.6300
  1280-1408: 2.6740
  1408-1536: 2.7020
  1536-1664: 2.7146
  1664-1792: 2.7779
  1792-1920: 2.7734
  1920-2048: 2.7981

Step 4: Top-50 most expensive bigrams...
  .          → ▁The      : total=8982 count=4052 avg=2.22
  ,          → ▁and      : total=7833 count=3541 avg=2.21
  ▁          → 1         : total=7479 count=5682 avg=1.32
  ▁          → 2         : total=6096 count=5274 avg=1.16
  .          → ▁A        : total=5454 count=1736 avg=3.14
  ,          → ▁the      : total=5315 count=2006 avg=2.65
  .          → ▁S        : total=5250 count=1754 avg=2.99
  ▁of        → ▁the      : total=5155 count=4806 avg=1.07
  .          → ▁I        : total=5100 count=1904 avg=2.68
  s          → ,         : total=4894 count=2484 avg=1.97
  ▁in        → ▁the      : total=4613 count=3529 avg=1.31
  ▁the       → ▁c        : total=4464 count=1366 avg=3.27
  .          → ▁B        : total=4432 count=1321 avg=3.35
  s          → .         : total=4408 count=2323 avg=1.90
  ,          → ▁but      : total=4283 count=1570 avg=2.73
  ▁the       → ▁p        : total=4258 count=1354 avg=3.14
  ▁the       → ▁s        : total=4233 count=1379 avg=3.07
  .          → ▁It       : total=4157 count=1134 avg=3.67
  ▁the       → ▁f        : total=4076 count=1292 avg=3.15
  .          → ▁M        : total=3995 count=1143 avg=3.50

Step 5: Entropy quadrants...
  confident_right     : 38.0% (777531)
  uncertain_right     : 7.3% (150095)
  confident_wrong     : 12.0% (246469)
  uncertain_wrong     : 42.7% (873905)
    avg_loss=0.501 avg_entropy=1.147
    avg_loss=1.509 avg_entropy=3.594
    avg_loss=4.000 avg_entropy=2.195
    avg_loss=4.296 avg_entropy=3.980

Step 6: Generating highlighted text samples...

Step 7: Loss distribution...

Step 8: Most expensive tokens by total cost...
  ,               (id= 962): total=93399 count=44106 avg=2.12
  .               (id= 960): total=88994 count=43533 avg=2.04
  ▁the            (id= 267): total=71629 count=38830 avg=1.84
  ▁               (id= 939): total=63647 count=26230 avg=2.43
  ▁and            (id= 290): total=60500 count=21831 avg=2.77
  ▁a              (id= 261): total=57893 count=20150 avg=2.87
  ▁in             (id= 291): total=52802 count=16290 avg=3.24
  ▁to             (id= 287): total=50508 count=23472 avg=2.15
  ▁s              (id= 268): total=49228 count=13499 avg=3.65
  ▁p              (id= 282): total=47446 count=13178 avg=3.60
  ▁c              (id= 274): total=45163 count=12415 avg=3.64
  ▁f              (id= 277): total=40789 count=10711 avg=3.81
  ▁m              (id= 288): total=40127 count=10980 avg=3.65
  ▁of             (id= 292): total=36245 count=20803 avg=1.74
  ▁d              (id= 293): total=34956 count=8638 avg=4.05
  ▁l              (id= 304): total=34586 count=9202 avg=3.76
  s               (id= 946): total=34195 count=36839 avg=0.93
  ▁S              (id= 313): total=33516 count=9070 avg=3.70
  ▁M              (id= 337): total=31089 count=8018 avg=3.88
  ▁b              (id= 281): total=31089 count=7963 avg=3.90
  ▁t              (id= 260): total=30221 count=7121 avg=4.24
  ▁re             (id= 311): total=30102 count=6954 avg=4.33
  ▁for            (id= 321): total=30100 count=9069 avg=3.32
  ▁A              (id= 317): total=29350 count=7777 avg=3.77
  ▁that           (id= 346): total=28442 count=8486 avg=3.35
  ▁g              (id= 314): total=28292 count=6670 avg=4.24
  ▁I              (id= 309): total=28197 count=8671 avg=3.25
  -               (id= 968): total=27865 count=9751 avg=2.86
  ▁e              (id= 310): total=27614 count=6468 avg=4.27
  ▁C              (id= 319): total=27316 count=7448 avg=3.67

Saving results...
Saved to /runpod-volume/bits_budget_results.json

=== Analysis Complete ===
