=== Exp 27: N-gram Diagnostic (200 docs, full-context TTT) ===
  [20/200] bpb=1.2471 ngram_wins=1499/7801
  [40/200] bpb=1.1953 ngram_wins=3678/18458
  [60/200] bpb=1.1669 ngram_wins=5455/24949
  [80/200] bpb=1.1565 ngram_wins=7322/32428
  [100/200] bpb=1.1696 ngram_wins=8602/40316
  [120/200] bpb=1.1778 ngram_wins=11275/52944
  [140/200] bpb=1.1755 ngram_wins=12621/58926
  [160/200] bpb=1.1697 ngram_wins=14251/66406
  [180/200] bpb=1.1668 ngram_wins=16189/76259
  [200/200] bpb=1.1730 ngram_wins=17545/83050

Completed in 38s

============================================================
N-GRAM DIAGNOSTIC RESULTS (200 docs)
============================================================

--- Overall ---
Total tokens scored: 162,427
Tokens with n-gram prediction: 83,050 (51.1%)
N-gram wins (higher prob): 17,545 (21.1%)
Model wins (higher prob):  65,505 (78.9%)
Baseline BPB (no n-gram): 1.1730

--- Alpha Sweep (BPB) ---
   Alpha      BPB    Delta
   0.001   1.1730  +0.0000 <-- best
   0.005   1.1733  +0.0003
   0.010   1.1737  +0.0007
   0.020   1.1749  +0.0019
   0.050   1.1790  +0.0061
   0.100   1.1874  +0.0145
   0.200   1.2078  +0.0348
   0.400   1.2616  +0.0886
   0.600   1.3403  +0.1674

--- Entropy Bins (tokens with n-gram predictions) ---
     Bin    Count  NG wins   M wins  NG win%  Avg M NLL Avg NG NLL NG better?
   [0-1)    30683    10144    20539    33.1%     0.2565     8.6981         no
   [1-2)    10518     1554     8964    14.8%     1.5225    14.2562         no
   [2-3)    14503     2188    12315    15.1%     2.5282    17.0421         no
   [3-4)    19443     2782    16661    14.3%     3.4971    18.7618         no
   [4-5)     7896      877     7019    11.1%     4.2631    20.2700         no
   [5-6)        7        0        7     0.0%     6.0429    23.0259         no

--- N-gram Order Analysis ---
 Order    Total     Wins     Win%
     2    63867     7366    11.5%
     3     9114     4017    44.1%
     4     3979     2313    58.1%
     5     2328     1359    58.4%
     6     1339      754    56.3%
     7     2423     1736    71.6%

============================================================
