Loading model...
Loading val tokens...
Documents: 500 (short=0, long=500)

############################################################
# Exp 34: SGD Combo Tests (500 docs)
############################################################

============================================================
F: lr=0.005 chunk=1024
============================================================
  [F: lr=0.005 chunk=1024] Doc 100/500: bpb=1.1578 t=9s
  [F: lr=0.005 chunk=1024] Doc 200/500: bpb=1.1584 t=17s
  [F: lr=0.005 chunk=1024] Doc 300/500: bpb=1.1449 t=24s
  [F: lr=0.005 chunk=1024] Doc 400/500: bpb=1.1599 t=32s
  [F: lr=0.005 chunk=1024] Doc 500/500: bpb=1.1637 t=39s
  [F: lr=0.005 chunk=1024] DONE: bpb=1.1637 time=39s

============================================================
G: lr=0.005 chunk=2048
============================================================
  [G: lr=0.005 chunk=2048] Doc 100/500: bpb=1.1571 t=6s
  [G: lr=0.005 chunk=2048] Doc 200/500: bpb=1.1582 t=11s
  [G: lr=0.005 chunk=2048] Doc 300/500: bpb=1.1446 t=17s
  [G: lr=0.005 chunk=2048] Doc 400/500: bpb=1.1595 t=22s
  [G: lr=0.005 chunk=2048] Doc 500/500: bpb=1.1634 t=27s
  [G: lr=0.005 chunk=2048] DONE: bpb=1.1634 time=27s

============================================================
H: lr=0.005 chunk=1024 clip=1
============================================================
  [H: lr=0.005 chunk=1024 clip=1] Doc 100/500: bpb=1.1574 t=8s
  [H: lr=0.005 chunk=1024 clip=1] Doc 200/500: bpb=1.1581 t=15s
  [H: lr=0.005 chunk=1024 clip=1] Doc 300/500: bpb=1.1446 t=22s
  [H: lr=0.005 chunk=1024 clip=1] Doc 400/500: bpb=1.1595 t=29s
  [H: lr=0.005 chunk=1024 clip=1] Doc 500/500: bpb=1.1633 t=37s
  [H: lr=0.005 chunk=1024 clip=1] DONE: bpb=1.1633 time=37s

============================================================
I: lr=0.005 2ep chunk=1024
============================================================
  [I: lr=0.005 2ep chunk=1024] Doc 100/500: bpb=1.1569 t=14s
  [I: lr=0.005 2ep chunk=1024] Doc 200/500: bpb=1.1576 t=27s
  [I: lr=0.005 2ep chunk=1024] Doc 300/500: bpb=1.1443 t=40s
  [I: lr=0.005 2ep chunk=1024] Doc 400/500: bpb=1.1591 t=54s
  [I: lr=0.005 2ep chunk=1024] Doc 500/500: bpb=1.1630 t=67s
  [I: lr=0.005 2ep chunk=1024] DONE: bpb=1.1630 time=67s

============================================================
J: lr=0.005 chunk=2048 clip=1
============================================================
  [J: lr=0.005 chunk=2048 clip=1] Doc 100/500: bpb=1.1569 t=6s
  [J: lr=0.005 chunk=2048 clip=1] Doc 200/500: bpb=1.1580 t=12s
  [J: lr=0.005 chunk=2048 clip=1] Doc 300/500: bpb=1.1445 t=17s
  [J: lr=0.005 chunk=2048 clip=1] Doc 400/500: bpb=1.1594 t=23s
  [J: lr=0.005 chunk=2048 clip=1] Doc 500/500: bpb=1.1632 t=28s
  [J: lr=0.005 chunk=2048 clip=1] DONE: bpb=1.1632 time=28s

============================================================
K: lr=0.005 2ep chunk=2048 clip=1
============================================================
  [K: lr=0.005 2ep chunk=2048 clip=1] Doc 100/500: bpb=1.1564 t=10s
  [K: lr=0.005 2ep chunk=2048 clip=1] Doc 200/500: bpb=1.1576 t=21s
  [K: lr=0.005 2ep chunk=2048 clip=1] Doc 300/500: bpb=1.1440 t=31s
  [K: lr=0.005 2ep chunk=2048 clip=1] Doc 400/500: bpb=1.1588 t=41s
  [K: lr=0.005 2ep chunk=2048 clip=1] Doc 500/500: bpb=1.1627 t=51s
  [K: lr=0.005 2ep chunk=2048 clip=1] DONE: bpb=1.1627 time=51s

============================================================
L: lr=0.01 chunk=2048 clip=1
============================================================
  [L: lr=0.01 chunk=2048 clip=1] Doc 100/500: bpb=1.1562 t=6s
  [L: lr=0.01 chunk=2048 clip=1] Doc 200/500: bpb=1.1574 t=12s
  [L: lr=0.01 chunk=2048 clip=1] Doc 300/500: bpb=1.1438 t=17s
  [L: lr=0.01 chunk=2048 clip=1] Doc 400/500: bpb=1.1587 t=23s
  [L: lr=0.01 chunk=2048 clip=1] Doc 500/500: bpb=1.1626 t=28s
  [L: lr=0.01 chunk=2048 clip=1] DONE: bpb=1.1626 time=28s

======================================================================
FINAL SUMMARY (500 docs)
======================================================================
Variant                                            BPB     Time
--------------------------------------------- -------- --------
F: lr=0.005 chunk=1024                          1.1637      39s
G: lr=0.005 chunk=2048                          1.1634      27s
H: lr=0.005 chunk=1024 clip=1                   1.1633      37s
I: lr=0.005 2ep chunk=1024                      1.1630      67s
J: lr=0.005 chunk=2048 clip=1                   1.1632      28s
K: lr=0.005 2ep chunk=2048 clip=1               1.1627      51s
L: lr=0.01 chunk=2048 clip=1                    1.1626      28s
======================================================================

Best: L: lr=0.01 chunk=2048 clip=1 (bpb=1.1626)
Ref: exp28 full eval baseline = 1.1429 (lr=0.002, 1ep, chunk=1024, no clip)
