logs/exp36_b2_dim560.txt
val_bpb:enabled tokenizer_kind=sentencepiece tokenizer_path=./data/tokenizers/fineweb_1024_bpe.model
train_loader:dataset:fineweb10B_sp1024 train_shards:80
val_loader:shards pattern=./data/datasets/fineweb10B_sp1024/fineweb_val_*.bin tokens:62021632
model_params:26483032
size_check: mixed_quant=11367269 code=78084 total=11445353 limit=16000000
size_check: PASSED (4554647 bytes headroom, 4447.9 KB)
world_size:1 grad_accum_steps:8
sdp_backends:cudnn=False flash=True mem_efficient=False math=False
attention_mode:gqa num_heads:8 num_kv_heads:4
tie_embeddings:True embed_lr:0.05 head_lr:0.0 matrix_lr:0.04 scalar_lr:0.04
train_batch_tokens:524288 train_seq_len:2048 iterations:20000 warmup_steps:20 max_wallclock_seconds:7200.000
seed:1337
warmup_step:1/20
warmup_step:2/20
warmup_step:3/20
warmup_step:4/20
warmup_step:5/20
warmup_step:6/20
warmup_step:7/20
warmup_step:8/20
warmup_step:9/20
warmup_step:10/20
warmup_step:11/20
warmup_step:12/20
warmup_step:13/20
warmup_step:14/20
warmup_step:15/20
warmup_step:16/20
warmup_step:17/20
warmup_step:18/20
warmup_step:19/20
warmup_step:20/20
EMA: enabled, decay=0.997
step:0/20000 val_loss:6.9309 val_bpb:4.1049 train_time:0ms step_avg:0.03ms
step:1/20000 train_loss:6.9317 train_time:852ms step_avg:852.48ms
step:2/20000 train_loss:10.7810 train_time:1756ms step_avg:877.82ms
step:3/20000 train_loss:7.7140 train_time:2661ms step_avg:887.10ms
step:4/20000 train_loss:7.8074 train_time:3661ms step_avg:915.37ms
step:5/20000 train_loss:7.5358 train_time:4528ms step_avg:905.68ms
step:6/20000 train_loss:7.3401 train_time:5446ms step_avg:907.71ms
step:7/20000 train_loss:6.8187 train_time:6454ms step_avg:921.97ms
step:8/20000 train_loss:6.4210 train_time:7335ms step_avg:916.82ms
step:9/20000 train_loss:6.1407 train_time:8242ms step_avg:915.73ms
step:10/20000 train_loss:5.9326 train_time:9135ms step_avg:913.46ms
step:200/20000 train_loss:2.6936 train_time:173975ms step_avg:869.87ms
step:400/20000 train_loss:2.3054 train_time:350492ms step_avg:876.23ms
step:500/20000 val_loss:2.4066 val_bpb:1.4253 train_time:435595ms step_avg:871.19ms
step:600/20000 train_loss:2.4069 train_time:527245ms step_avg:878.74ms
step:800/20000 train_loss:2.2515 train_time:697962ms step_avg:872.45ms
step:1000/20000 train_loss:2.2651 train_time:873352ms step_avg:873.35ms
step:1000/20000 val_loss:2.2347 val_bpb:1.3235 train_time:873684ms step_avg:873.68ms
step:1200/20000 train_loss:2.1968 train_time:1044266ms step_avg:870.22ms
step:1400/20000 train_loss:2.2275 train_time:1216167ms step_avg:868.69ms
step:1500/20000 val_loss:2.1678 val_bpb:1.2839 train_time:1301435ms step_avg:867.62ms
step:1600/20000 train_loss:2.1174 train_time:1389090ms step_avg:868.18ms
step:1800/20000 train_loss:2.1595 train_time:1563589ms step_avg:868.66ms
step:2000/20000 train_loss:2.1220 train_time:1736523ms step_avg:868.26ms
step:2000/20000 val_loss:2.1295 val_bpb:1.2612 train_time:1736597ms step_avg:868.30ms
step:2200/20000 train_loss:2.0477 train_time:1907617ms step_avg:867.10ms
step:2400/20000 train_loss:2.0977 train_time:2080223ms step_avg:866.76ms
step:2500/20000 val_loss:2.1021 val_bpb:1.2450 train_time:2165863ms step_avg:866.35ms
step:2600/20000 train_loss:2.1648 train_time:2250864ms step_avg:865.72ms
step:2800/20000 train_loss:2.1102 train_time:2421965ms step_avg:864.99ms
step:3000/20000 train_loss:2.0371 train_time:2592705ms step_avg:864.24ms
step:3000/20000 val_loss:2.0835 val_bpb:1.2340 train_time:2592781ms step_avg:864.26ms
step:3200/20000 train_loss:2.1084 train_time:2763260ms step_avg:863.52ms
step:3400/20000 train_loss:2.0818 train_time:2933913ms step_avg:862.92ms
step:3500/20000 val_loss:2.0691 val_bpb:1.2254 train_time:3019550ms step_avg:862.73ms
step:3600/20000 train_loss:2.0437 train_time:3104598ms step_avg:862.39ms
step:3800/20000 train_loss:2.1208 train_time:3275801ms step_avg:862.05ms
step:4000/20000 train_loss:2.0242 train_time:3449252ms step_avg:862.31ms
step:4000/20000 val_loss:2.0564 val_bpb:1.2179 train_time:3449300ms step_avg:862.33ms
step:4200/20000 train_loss:2.0948 train_time:3622056ms step_avg:862.39ms
step:4400/20000 train_loss:2.0984 train_time:3793940ms step_avg:862.26ms
step:4500/20000 val_loss:2.0482 val_bpb:1.2131 train_time:3879028ms step_avg:862.01ms
step:4600/20000 train_loss:1.9346 train_time:3965114ms step_avg:861.98ms
step:4800/20000 train_loss:2.0476 train_time:4136348ms step_avg:861.74ms
step:5000/20000 train_loss:2.0379 train_time:4308653ms step_avg:861.73ms
step:5000/20000 val_loss:2.0375 val_bpb:1.2067 train_time:4308902ms step_avg:861.78ms
step:5200/20000 train_loss:2.0524 train_time:4481963ms step_avg:861.92ms
step:5400/20000 train_loss:2.0644 train_time:4653048ms step_avg:861.68ms
SWA: started at step 5400 (warmdown_start~5355)
step:5500/20000 val_loss:2.0302 val_bpb:1.2024 train_time:4738605ms step_avg:861.56ms
step:5600/20000 train_loss:2.0613 train_time:4824137ms step_avg:861.45ms
step:5800/20000 train_loss:2.0313 train_time:4995350ms step_avg:861.27ms
step:6000/20000 train_loss:2.1567 train_time:5168032ms step_avg:861.34ms
step:6000/20000 val_loss:2.0160 val_bpb:1.1940 train_time:5168222ms step_avg:861.37ms
step:6200/20000 train_loss:2.0164 train_time:5339056ms step_avg:861.14ms
step:6400/20000 train_loss:2.0219 train_time:5510694ms step_avg:861.05ms
step:6500/20000 val_loss:2.0010 val_bpb:1.1851 train_time:5597352ms step_avg:861.13ms
step:6600/20000 train_loss:1.9717 train_time:5682367ms step_avg:860.96ms
step:6800/20000 train_loss:2.1101 train_time:5854723ms step_avg:860.99ms
step:7000/20000 train_loss:1.9942 train_time:6027413ms step_avg:861.06ms
step:7000/20000 val_loss:1.9871 val_bpb:1.1768 train_time:6027690ms step_avg:861.10ms
step:7200/20000 train_loss:1.9877 train_time:6199752ms step_avg:861.08ms
step:7400/20000 train_loss:1.9854 train_time:6371998ms step_avg:861.08ms
step:7500/20000 val_loss:1.9741 val_bpb:1.1692 train_time:6458236ms step_avg:861.10ms
step:7600/20000 train_loss:1.9241 train_time:6543321ms step_avg:860.96ms
step:7800/20000 train_loss:1.9744 train_time:6714284ms step_avg:860.81ms
step:8000/20000 train_loss:1.9539 train_time:6886763ms step_avg:860.85ms
step:8000/20000 val_loss:1.9630 val_bpb:1.1626 train_time:6886966ms step_avg:860.87ms
step:8200/20000 train_loss:1.9397 train_time:7058344ms step_avg:860.77ms
step:8366/20000 val_loss:1.9577 val_bpb:1.1594 train_time:7200842ms step_avg:860.73ms
stopping_early: wallclock_cap train_time:7200842ms step:8366/20000
peak memory allocated: 18449 MiB reserved: 19018 MiB
EMA: applying averaged weights
EMA: applied
Serialized model: 104822755 bytes
Code size: 78084 bytes
Total submission size: 104900839 bytes
Serialized model int8+zlib: 24494903 bytes (payload:26638208 raw_torch:26687539 payload_ratio:3.93x)
Total submission size int8+zlib: 24572987 bytes
final_int8_zlib_roundtrip val_loss:1.9653 val_bpb:1.1639 eval_time:29234ms
final_int8_zlib_roundtrip_exact val_loss:1.96526651 val_bpb:1.16394152
Serialized model mixed int5/int6/int8+zstd: 15879093 bytes
Total mixed submission: 15957177 bytes (FITS 16MB)
final_mixed_roundtrip val_loss:1.9851 val_bpb:1.1757 eval_time:29216ms
