
############################################################
# Exp 47: Depth Recurrence Ablation Study
############################################################

Loading float checkpoint: /runpod-volume/parameter-golf/exp40d_model.pt
  Keys: 80, Total params: 25,610,888
Loading val tokens...
  Val tokens: 62,021,846

============================================================
Phase 1: No-TTT evaluation (pure model quality)
============================================================

  [A_full_3x] schedule=[0, 1, 2, 3, 4, 3, 4, 3, 4, 5, 6, 5, 6] (13 eff layers)
    Schedule [0, 1, 2, 3, 4, 3, 4, 3, 4, 5, 6, 5, 6] (13 eff layers): loaded 80, skipped 0 params
    val_loss=1.9405  val_bpb=1.1493  time=230.2s

  [B_2x_recurrence] schedule=[0, 1, 2, 3, 4, 3, 4, 5, 6, 5, 6] (11 eff layers)
    Schedule [0, 1, 2, 3, 4, 3, 4, 5, 6, 5, 6] (11 eff layers): loaded 79, skipped 1 params
    val_loss=2.8568  val_bpb=1.6919  time=198.4s

  [C_no_recurrence] schedule=[0, 1, 2, 3, 4, 5, 6] (7 eff layers)
    Schedule [0, 1, 2, 3, 4, 5, 6] (7 eff layers): loaded 79, skipped 1 params
    val_loss=4.6837  val_bpb=2.7739  time=133.7s

  [D_3x_middle_only] schedule=[0, 1, 2, 3, 4, 3, 4, 3, 4, 5, 6] (11 eff layers)
    Schedule [0, 1, 2, 3, 4, 3, 4, 3, 4, 5, 6] (11 eff layers): loaded 79, skipped 1 params
    val_loss=4.4193  val_bpb=2.6173  time=198.2s

  [E_2x_end_only] schedule=[0, 1, 2, 3, 4, 5, 6, 5, 6] (9 eff layers)
    Schedule [0, 1, 2, 3, 4, 5, 6, 5, 6] (9 eff layers): loaded 79, skipped 1 params
    val_loss=3.1648  val_bpb=1.8744  time=167.1s

  [F_4x_recurrence] schedule=[0, 1, 2, 3, 4, 3, 4, 3, 4, 3, 4, 5, 6, 5, 6, 5, 6] (17 eff layers)
    Schedule [0, 1, 2, 3, 4, 3, 4, 3, 4, 3, 4, 5, 6, 5, 6, 5, 6] (17 eff layers): loaded 79, skipped 1 params
    val_loss=6.4420  val_bpb=3.8153  time=293.8s

============================================================
Phase 1 Summary (No TTT)
============================================================
Schedule                  Eff Layers    val_bpb   Delta vs A
A_full_3x                         13     1.1493 +     0.0000
B_2x_recurrence                   11     1.6919 +     0.5427
C_no_recurrence                    7     2.7739 +     1.6246
D_3x_middle_only                  11     2.6173 +     1.4680
E_2x_end_only                      9     1.8744 +     0.7251
F_4x_recurrence                   17     3.8153 +     2.6660

============================================================
Phase 2: Activation analysis (block 3, 3 passes)
============================================================
    Schedule [0, 1, 2, 3, 4, 3, 4, 3, 4, 5, 6, 5, 6] (13 eff layers): loaded 80, skipped 0 params

  Activation analysis: recording hidden states at block 3 passes...

  Block 3 activation statistics:
  Metric                                        Value
  ----------------------------------------------------
  cos_sim_pass1_vs_pass2                       0.7870
  cos_sim_pass1_vs_pass3                       0.5945
  cos_sim_pass2_vs_pass3                       0.8588
  l2_dist_pass1_vs_pass2                   139725.7656
  l2_dist_pass1_vs_pass3                   207065.2344
  l2_dist_pass2_vs_pass3                   128411.4688
  pass_1_mean_norm                         188481.1094
  pass_1_std                                7671.6235
  pass_2_mean_norm                         221942.5000
  pass_2_std                                8957.1602
  pass_3_mean_norm                         245646.3906
  pass_3_std                                9978.2158
  relative_change_pass1_to_pass2               0.7413
  relative_change_pass2_to_pass3               0.5786

============================================================
Phase 3: SGD TTT evaluation (500 docs)
============================================================

  [A_full_3x] schedule=[0, 1, 2, 3, 4, 3, 4, 3, 4, 5, 6, 5, 6] (13 eff layers)
    Schedule [0, 1, 2, 3, 4, 3, 4, 3, 4, 5, 6, 5, 6] (13 eff layers): loaded 80, skipped 0 params
      Doc 100/500: bpb=1.1436 elapsed=8s
      Doc 200/500: bpb=1.1449 elapsed=16s
      Doc 300/500: bpb=1.1310 elapsed=22s
      Doc 400/500: bpb=1.1457 elapsed=29s
      Doc 500/500: bpb=1.1496 elapsed=36s
    TTT val_loss=1.9180  val_bpb=1.1496  time=36s

  [B_2x_recurrence] schedule=[0, 1, 2, 3, 4, 3, 4, 5, 6, 5, 6] (11 eff layers)
    Schedule [0, 1, 2, 3, 4, 3, 4, 5, 6, 5, 6] (11 eff layers): loaded 79, skipped 1 params
      Doc 100/500: bpb=1.6505 elapsed=6s
      Doc 200/500: bpb=1.6478 elapsed=12s
      Doc 300/500: bpb=1.6443 elapsed=17s
      Doc 400/500: bpb=1.6564 elapsed=23s
      Doc 500/500: bpb=1.6599 elapsed=28s
    TTT val_loss=2.7693  val_bpb=1.6599  time=28s

  [C_no_recurrence] schedule=[0, 1, 2, 3, 4, 5, 6] (7 eff layers)
    Schedule [0, 1, 2, 3, 4, 5, 6] (7 eff layers): loaded 79, skipped 1 params
      Doc 100/500: bpb=2.7546 elapsed=5s
      Doc 200/500: bpb=2.7579 elapsed=10s
      Doc 300/500: bpb=2.7569 elapsed=14s
      Doc 400/500: bpb=2.7692 elapsed=19s
      Doc 500/500: bpb=2.7698 elapsed=24s
    TTT val_loss=4.6211  val_bpb=2.7698  time=24s

============================================================
Phase 3 Summary (SGD TTT, 500 docs)
============================================================
Schedule                   Eff  No-TTT BPB   TTT BPB  TTT Delta   TTT Gain
A_full_3x                   13      1.1493    1.1496 +   0.0000    -0.0003
B_2x_recurrence             11      1.6919    1.6599 +   0.5102     0.0321
C_no_recurrence              7      2.7739    2.7698 +   1.6202     0.0042

Results saved to /runpod-volume/exp47_recurrence_ablation_results.json

############################################################
# FINAL SUMMARY
############################################################

Depth recurrence impact (no TTT):
  A_full_3x                 13 layers  bpb=1.1493  (+0.0000 same) 
  B_2x_recurrence           11 layers  bpb=1.6919  (+0.5427 worse) ██████████████████████████████████████████████████████████████████████████████████████████████████████████████████████████████████████████████████████████████████████████████████████████████████████████████████████████████████████████████████████████████████████████████████████████████████████████████████████████████████████████████████████████████████████████████████████████████████████████████████████████████████████████████████████████████████████████████████████████████████████████████████████████████████████████████████████████████
  C_no_recurrence            7 layers  bpb=2.7739  (+1.6246 worse) ████████████████████████████████████████████████████████████████████████████████████████████████████████████████████████████████████████████████████████████████████████████████████████████████████████████████████████████████████████████████████████████████████████████████████████████████████████████████████████████████████████████████████████████████████████████████████████████████████████████████████████████████████████████████████████████████████████████████████████████████████████████████████████████████████████████████████████████████████████████████████████████████████████████████████████████████████████████████████████████████████████████████████████████████████████████████████████████████████████████████████████████████████████████████████████████████████████████████████████████████████████████████████████████████████████████████████████████████████████████████████████████████████████████████████████████████████████████████████████████████████████████████████████████████████████████████████████████████████████████████████████████████████████████████████████████████████████████████████████████████████████████████████████████████████████████████████████████████████████████████████████████████████████████████████████████████████████████████████████████████████████████████████████████████████████████████████████████████████████████████████████████████████████████████████████████████████████████████████████████████████████████████████████████████████████████████████████████████████████████████████████████████████████████████████████████████████████████████████████████████████████████████████████
  D_3x_middle_only          11 layers  bpb=2.6173  (+1.4680 worse) ████████████████████████████████████████████████████████████████████████████████████████████████████████████████████████████████████████████████████████████████████████████████████████████████████████████████████████████████████████████████████████████████████████████████████████████████████████████████████████████████████████████████████████████████████████████████████████████████████████████████████████████████████████████████████████████████████████████████████████████████████████████████████████████████████████████████████████████████████████████████████████████████████████████████████████████████████████████████████████████████████████████████████████████████████████████████████████████████████████████████████████████████████████████████████████████████████████████████████████████████████████████████████████████████████████████████████████████████████████████████████████████████████████████████████████████████████████████████████████████████████████████████████████████████████████████████████████████████████████████████████████████████████████████████████████████████████████████████████████████████████████████████████████████████████████████████████████████████████████████████████████████████████████████████████████████████████████████████████████████████████████████████████████████████████████████████████████████████████████████████████████████████████████████████████████████████████████████████████████████████████████████████████████████
  E_2x_end_only              9 layers  bpb=1.8744  (+0.7251 worse) █████████████████████████████████████████████████████████████████████████████████████████████████████████████████████████████████████████████████████████████████████████████████████████████████████████████████████████████████████████████████████████████████████████████████████████████████████████████████████████████████████████████████████████████████████████████████████████████████████████████████████████████████████████████████████████████████████████████████████████████████████████████████████████████████████████████████████████████████████████████████████████████████████████████████████████████████████████████████████████████████████████████████████████████████████████████████████████████████████████████████████
  F_4x_recurrence           17 layers  bpb=3.8153  (+2.6660 worse) ██████████████████████████████████████████████████████████████████████████████████████████████████████████████████████████████████████████████████████████████████████████████████████████████████████████████████████████████████████████████████████████████████████████████████████████████████████████████████████████████████████████████████████████████████████████████████████████████████████████████████████████████████████████████████████████████████████████████████████████████████████████████████████████████████████████████████████████████████████████████████████████████████████████████████████████████████████████████████████████████████████████████████████████████████████████████████████████████████████████████████████████████████████████████████████████████████████████████████████████████████████████████████████████████████████████████████████████████████████████████████████████████████████████████████████████████████████████████████████████████████████████████████████████████████████████████████████████████████████████████████████████████████████████████████████████████████████████████████████████████████████████████████████████████████████████████████████████████████████████████████████████████████████████████████████████████████████████████████████████████████████████████████████████████████████████████████████████████████████████████████████████████████████████████████████████████████████████████████████████████████████████████████████████████████████████████████████████████████████████████████████████████████████████████████████████████████████████████████████████████████████████████████████████████████████████████████████████████████████████████████████████████████████████████████████████████████████████████████████████████████████████████████████████████████████████████████████████████████████████████████████████████████████████████████████████████████████████████████████████████████████████████████████████████████████████████████████████████████████████████████████████████████████████████████████████████████████████████████████████████████████████████████████████████████████████████████████████████████████████████████████████████████████████████████████████████████████████████████████████████████████████████████████████████████████████████████████████████████████████████████████████████████████████████████████████████████████████████████████████████████████████████████████████████████████████████████████████████████████████████████████████████████████████████████████████████████████████████████████████████████████████████████████████████████████████████████████████████████████████████████████████████████████████

Block 3 convergence behavior:
  Cosine sim pass 1→2: 0.7870
  Cosine sim pass 2→3: 0.8588
  Cosine sim pass 1→3: 0.5945
  Relative change 1→2: 0.7413
  Relative change 2→3: 0.5786

Done!
