
############################################################
# Exp 47b: Deep Recurrence Diagnostic
############################################################

Loading model...
  Params: 25,610,888
Loading val tokens...
  Val tokens: 62,021,846
  Using 128 sequences of length 2048

============================================================
Diagnostic 1: Loss at each layer position
============================================================
  Sequences 16/128 done
  Sequences 32/128 done
  Sequences 48/128 done
  Sequences 64/128 done
  Sequences 80/128 done
  Sequences 96/128 done
  Sequences 112/128 done
  Sequences 128/128 done

  Loss at each layer position (lower = better predictions):
  Position Block          Avg Loss    Avg BPB      Delta
  --------------------------------------------------
  0      B0               7.8579    11.3366          —
  1      B1               6.4941     9.3690    -1.3638
  2      B2               6.3660     9.1841    -0.1281
  3      B3-pass1         6.0708     8.7583    -0.2952
  4      B4-pass1         5.8763     8.4777    -0.1945
  5      B3-pass2         5.9364     8.5644    +0.0602
  6      B4-pass2         6.0027     8.6601    +0.0663
  7      B3-pass3         6.2422     9.0055    +0.2395
  8      B4-pass3         5.6723     8.1835    -0.5698
  9      B5-pass1         5.6265     8.1174    -0.0458
  10     B6-pass1         4.3608     6.2913    -1.2657
  11     B5-pass2         4.3811     6.3205    +0.0203
  12     B6-pass2         1.9258     2.7783    -2.4553

  Block 3 recurrence contribution:
    Pass 1 (position 3): loss 6.0708, improved by 0.2952 from prior layer
    Pass 2 (position 5): loss 5.9364, improved by -0.0602 from prior layer
    Pass 3 (position 7): loss 6.2422, improved by -0.2395 from prior layer

  Block 4 recurrence contribution:
    Pass 1 (position 4): loss 5.8763, improved by 0.1945 from prior layer
    Pass 2 (position 6): loss 6.0027, improved by -0.0663 from prior layer
    Pass 3 (position 8): loss 5.6723, improved by 0.5698 from prior layer

============================================================
Diagnostic 2: Loss reduction by token difficulty
============================================================

  Loss evolution by difficulty bucket:
  Bucket                           B0           B2     B3-pass1     B3-pass2     B3-pass3     B4-pass3     B6-pass1     B6-pass2
  ------------------------------------------------------------------------------------------------------------------------
  Easy (0-25%)                 6.8663       5.8063       5.4643       5.2440       6.2257       4.9606       2.3851       0.0145  (n=65536)
  Medium (25-50%)              7.3708       6.0831       5.8568       5.5940       5.6903       5.4127       4.2225       0.5037  (n=65536)
  Hard (50-75%)                7.8298       6.3227       6.0717       5.8896       5.8900       5.7070       5.0057       2.2016  (n=65536)
  Very Hard (75-90%)           8.5421       6.6319       6.3267       6.2405       6.2897       5.9779       5.3951       4.0581  (n=39321)
  Hardest (90-100%)           10.5988       8.1814       7.7359       8.1841       8.4722       7.5560       6.4821       6.3710  (n=26215)

  Improvement from block 3 recurrence (pass 1→3) by difficulty:
    Easy (0-25%)          : 5.4643 → 6.2257 (Δ=-0.7613, -13.9%)
    Medium (25-50%)       : 5.8568 → 5.6903 (Δ=0.1665, 2.8%)
    Hard (50-75%)         : 6.0717 → 5.8900 (Δ=0.1817, 3.0%)
    Very Hard (75-90%)    : 6.3267 → 6.2897 (Δ=0.0370, 0.6%)
    Hardest (90-100%)     : 7.7359 → 8.4722 (Δ=-0.7363, -9.5%)

============================================================
Diagnostic 3: Attention patterns across block 3 passes
============================================================

  Block 3 attention statistics per pass:
  Pass             Avg Entropy   Local (<64 tokens)
  --------------------------------------------------
  Pass 1 (pos 3)          0.0731               0.1600
  Pass 2 (pos 5)          0.0734               0.1695
  Pass 3 (pos 7)          0.0694               0.1556

============================================================
Diagnostic 4: Prediction confidence at each layer
============================================================

  Position Block        Top-1 Prob  Logit Entropy
  --------------------------------------------
  0      B0               0.0026         6.1121
  1      B1               0.0021         6.2989
  2      B2               0.0027         6.0947
  3      B3-pass1         0.0034         5.9225
  4      B4-pass1         0.0044         5.7411
  5      B3-pass2         0.0057         5.5825
  6      B4-pass2         0.0072         5.4187
  7      B3-pass3         0.0069         5.4657
  8      B4-pass3         0.0062         5.5170
  9      B5-pass1         0.0041         5.8183
  10     B6-pass1         0.0583         4.6628
  11     B5-pass2         0.0608         4.6702
  12     B6-pass2         0.5295         1.9969

Results saved to /runpod-volume/exp47b_deep_diagnostic_results.json

Done!
